WARNING: Makefile 'package/feeds/mycustom/luci-app-3cat/Makefile' has a dependency on '3proxy-mod-tcppm', which does not exist
WARNING: Makefile 'package/feeds/mycustom/luci-app-3cat/Makefile' has a dependency on '3proxy-mod-udppm', which does not exist
WARNING: Makefile 'package/feeds/mycustom/luci-app-3ginfo-lite/Makefile' has a dependency on 'sms-tool', which does not exist
WARNING: Makefile 'package/feeds/mycustom/luci-app-adblock-fast/Makefile' has a dependency on 'adblock-fast', which does not exist
WARNING: Makefile 'package/feeds/mycustom/luci-app-antiblock/Makefile' has a dependency on 'antiblock', which does not exist
WARNING: Makefile 'package/feeds/mycustom/luci-app-apinger/Makefile' has a dependency on 'apinger-rrd', which does not exist
WARNING: Makefile 'package/feeds/mycustom/luci-app-appfilter/Makefile' has a dependency on 'appfilter', which does not exist
WARNING: Makefile 'package/feeds/luci/luci-app-aria2/Makefile' has a dependency on 'luci-lib-ipkg', which does not exist
WARNING: Makefile 'package/feeds/mycustom/luci-app-bitsrunlogin-go/Makefile' has a dependency on 'bitsrunlogin-go', which does not exist
WARNING: Makefile 'package/feeds/mycustom/luci-app-cloudflared/Makefile' has a dependency on 'cloudflared', which does not exist
WARNING: Makefile 'package/feeds/mycustom/luci-app-cpulimit/Makefile' has a dependency on 'cpulimit', which does not exist
WARNING: Makefile 'package/feeds/mycustom/luci-app-csshnpd/Makefile' has a dependency on 'csshnpd', which does not exist
WARNING: Makefile 'package/feeds/mycustom/luci-app-dae/Makefile' has a dependency on 'dae', which does not exist
WARNING: Makefile 'package/feeds/mycustom/luci-app-dae/Makefile' has a dependency on 'dae-geoip', which does not exist
WARNING: Makefile 'package/feeds/mycustom/luci-app-dae/Makefile' has a dependency on 'dae-geosite', which does not exist
WARNING: Makefile 'package/feeds/mycustom/luci-app-daed/Makefile' has a dependency on 'daed', which does not exist
WARNING: Makefile 'package/feeds/mycustom/luci-app-daed/Makefile' has a dependency on 'daed-geoip', which does not exist
WARNING: Makefile 'package/feeds/mycustom/luci-app-daed/Makefile' has a dependency on 'daed-geosite', which does not exist
WARNING: Makefile 'package/feeds/luci/luci-app-ddns/Makefile' has a dependency on 'luci-lib-ipkg', which does not exist
WARNING: Makefile 'package/feeds/mycustom/luci-app-ddns-go/Makefile' has a dependency on 'ddns-go', which does not exist
WARNING: Makefile 'package/feeds/mycustom/luci-app-dufs/Makefile' has a dependency on 'dufs', which does not exist
WARNING: Makefile 'package/feeds/luci/luci-app-dynapoint/Makefile' has a dependency on 'luci-lib-ipkg', which does not exist
WARNING: Makefile 'package/feeds/mycustom/luci-app-filebrowser-go/Makefile' has a dependency on 'filebrowser', which does not exist
WARNING: Makefile 'package/feeds/mycustom/luci-app-gost/Makefile' has a dependency on 'gost', which does not exist
WARNING: Makefile 'package/feeds/mycustom/luci-app-homeproxy/Makefile' has a dependency on 'sing-box', which does not exist
WARNING: Makefile 'package/feeds/mycustom/luci-app-homeproxy/Makefile' has a dependency on 'firewall4', which does not exist
WARNING: Makefile 'package/feeds/mycustom/luci-app-homeproxy/Makefile' has a dependency on 'kmod-nft-tproxy', which does not exist
WARNING: Makefile 'package/feeds/mycustom/luci-app-homeproxy/Makefile' has a dependency on 'ucode-mod-digest', which does not exist
WARNING: Makefile 'package/feeds/mycustom/luci-app-k3screenctrl/Makefile' has a dependency on 'phicomm-k3screenctrl', which does not exist
WARNING: Makefile 'package/feeds/mycustom/luci-app-keepalived/Makefile' has a dependency on 'keepalived-sync', which does not exist
WARNING: Makefile 'package/feeds/mycustom/luci-app-lldpd/Makefile' has a dependency on 'rpcd-mod-ucode', which does not exist
WARNING: Makefile 'package/feeds/mycustom/luci-app-lorawan-basicstation/Makefile' has a dependency on 'basicstation', which does not exist
WARNING: Makefile 'package/feeds/mycustom/luci-app-modemband/Makefile' has a dependency on 'modemband', which does not exist
WARNING: Makefile 'package/feeds/mycustom/luci-app-msd_lite/Makefile' has a dependency on 'msd_lite', which does not exist
WARNING: Makefile 'package/feeds/mycustom/luci-app-n2n/Makefile' has a dependency on 'n2n', which does not exist
WARNING: Makefile 'package/feeds/mycustom/luci-app-natmap/Makefile' has a dependency on 'natmap', which does not exist
WARNING: Makefile 'package/feeds/mycustom/luci-app-ngrokc/Makefile' has a dependency on 'ngrokc', which does not exist
WARNING: Makefile 'package/feeds/mycustom/luci-app-njitclient/Makefile' has a dependency on 'njit8021xclient', which does not exist
WARNING: Makefile 'package/feeds/mycustom/luci-app-openclash/Makefile' has a dependency on 'kmod-inet-diag', which does not exist
WARNING: Makefile 'package/feeds/mycustom/luci-app-openclash/Makefile' has a dependency on 'kmod-nft-tproxy', which does not exist
WARNING: Makefile 'package/feeds/mycustom/luci-app-oscam/Makefile' has a dependency on 'oscam', which does not exist
WARNING: Makefile 'package/feeds/mycustom/luci-app-pbr/Makefile' has a dependency on 'pbr', which does not exist
WARNING: Makefile 'package/feeds/luci/luci-app-privoxy/Makefile' has a dependency on 'luci-lib-ipkg', which does not exist
WARNING: Makefile 'package/feeds/mycustom/luci-app-qbittorrent/Makefile' has a dependency on 'qbittorrent-enhanced-edition', which does not exist
WARNING: Makefile 'package/feeds/luci/luci-app-radicale/Makefile' has a dependency on 'luci-lib-ipkg', which does not exist
WARNING: Makefile 'package/feeds/mycustom/luci-app-rustdesk-server/Makefile' has a dependency on 'rustdesk-server', which does not exist
WARNING: Makefile 'package/feeds/mycustom/luci-app-scutclient/Makefile' has a dependency on 'scutclient', which does not exist
WARNING: Makefile 'package/feeds/mycustom/luci-app-sms-tool-js/Makefile' has a dependency on 'sms-tool', which does not exist
WARNING: Makefile 'package/feeds/mycustom/luci-app-spotifyd/Makefile' has a dependency on 'spotifyd', which does not exist
WARNING: Makefile 'package/feeds/mycustom/luci-app-strongswan-swanctl/Makefile' has a dependency on 'swanmon', which does not exist
WARNING: Makefile 'package/feeds/mycustom/luci-app-sysuh3c/Makefile' has a dependency on 'sysuh3c', which does not exist
WARNING: Makefile 'package/feeds/mycustom/luci-app-ua2f/Makefile' has a dependency on 'ua2f', which does not exist
WARNING: Makefile 'package/feeds/mycustom/luci-app-unblockneteasemusic/Makefile' has a dependency on 'firewall4', which does not exist
WARNING: Makefile 'package/feeds/mycustom/luci-app-v2raya/Makefile' has a dependency on 'v2raya', which does not exist
WARNING: Makefile 'package/feeds/mycustom/luci-app-xfrpc/Makefile' has a dependency on 'xfrpc', which does not exist
WARNING: Makefile 'package/feeds/mycustom/luci-proto-external/Makefile' has a dependency on 'external-protocol', which does not exist
WARNING: Makefile 'package/feeds/mycustom/luci-proto-minieap/Makefile' has a dependency on 'minieap', which does not exist
WARNING: Makefile 'package/feeds/mycustom/luci-proto-nebula/Makefile' has a dependency on 'nebula-proto', which does not exist
WARNING: Makefile 'package/feeds/mycustom/luci-proto-quectel/Makefile' has a dependency on 'quectel-cm', which does not exist
WARNING: Makefile 'package/feeds/mycustom/luci-proto-unet/Makefile' has a dependency on 'unetd', which does not exist
WARNING: Makefile 'package/feeds/mycustom/luci-proto-unet/Makefile' has a dependency on 'unet-cli', which does not exist
WARNING: Makefile 'package/feeds/mycustom/ucode-mod-html/Makefile' has a dependency on 'libucode', which does not exist
WARNING: Makefile 'package/feeds/mycustom/ucode-mod-lua/Makefile' has a dependency on 'libucode', which does not exist
make[1]: Entering directory '/home/liyoufu/Code/HandsomeMod'
make[2]: Entering directory '/home/liyoufu/Code/HandsomeMod/feeds/packages/lang/golang/golang'
mkdir -p /home/liyoufu/Code/HandsomeMod/dl
SHELL= flock /home/liyoufu/Code/HandsomeMod/tmp/.go1.22.6.linux-amd64.tar.gz.flock -c '  	/home/liyoufu/Code/HandsomeMod/scripts/download.pl "/home/liyoufu/Code/HandsomeMod/dl" "go1.22.6.linux-amd64.tar.gz" "999805bed7d9039ec3da1a53bfbcafc13e367da52aa823cb60b68ba22d44c616" "" "https://dl.google.com/go/" "https://mirrors.ustc.edu.cn/golang/" "https://mirrors.nju.edu.cn/golang/"    '
mkdir -p /home/liyoufu/Code/HandsomeMod/dl
SHELL= flock /home/liyoufu/Code/HandsomeMod/tmp/.go1.24.7.src.tar.gz.flock -c '  	/home/liyoufu/Code/HandsomeMod/scripts/download.pl "/home/liyoufu/Code/HandsomeMod/dl" "go1.24.7.src.tar.gz" "2a8f50db0f88803607c50d7ea8834dcb7bd483c6b428a91e360fdf8624b46464" "" "https://dl.google.com/go/" "https://mirrors.ustc.edu.cn/golang/" "https://mirrors.nju.edu.cn/golang/"    '
make[2]: Leaving directory '/home/liyoufu/Code/HandsomeMod/feeds/packages/lang/golang/golang'
time: package/feeds/packages/golang/host-compile#0.44#0.69#1.30
make[2]: Entering directory '/home/liyoufu/Code/HandsomeMod/package/libs/toolchain'
echo "libc" >> /home/liyoufu/Code/HandsomeMod/staging_dir/target-aarch64_cortex-a53+neon_musl/pkginfo/toolchain.default.install
echo "libgcc" >> /home/liyoufu/Code/HandsomeMod/staging_dir/target-aarch64_cortex-a53+neon_musl/pkginfo/toolchain.default.install
echo "libatomic" >> /home/liyoufu/Code/HandsomeMod/staging_dir/target-aarch64_cortex-a53+neon_musl/pkginfo/toolchain.default.install
echo "libpthread" >> /home/liyoufu/Code/HandsomeMod/staging_dir/target-aarch64_cortex-a53+neon_musl/pkginfo/toolchain.default.install
echo "librt" >> /home/liyoufu/Code/HandsomeMod/staging_dir/target-aarch64_cortex-a53+neon_musl/pkginfo/toolchain.default.install
make[2]: Leaving directory '/home/liyoufu/Code/HandsomeMod/package/libs/toolchain'
time: package/libs/toolchain/compile#0.11#0.01#0.15
make[2]: Entering directory '/home/liyoufu/Code/HandsomeMod/package/system/ca-certificates'
mkdir -p /home/liyoufu/Code/HandsomeMod/dl
SHELL= flock /home/liyoufu/Code/HandsomeMod/tmp/.ca-certificates_20210119.tar.xz.flock -c '  	/home/liyoufu/Code/HandsomeMod/scripts/download.pl "/home/liyoufu/Code/HandsomeMod/dl" "ca-certificates_20210119.tar.xz" "daa3afae563711c30a0586ddae4336e8e3974c2b627faaca404c4e0141b64665" "" "http://ftp.debian.org/debian/pool/main/c/ca-certificates"    '
echo "ca-bundle" >> /home/liyoufu/Code/HandsomeMod/staging_dir/target-aarch64_cortex-a53+neon_musl/pkginfo/ca-certificates.default.install
make[2]: Leaving directory '/home/liyoufu/Code/HandsomeMod/package/system/ca-certificates'
time: package/system/ca-certificates/compile#0.10#0.03#0.17
make[2]: Entering directory '/home/liyoufu/Code/HandsomeMod/package/mypackage/wall/xray-core'
mkdir -p /home/liyoufu/Code/HandsomeMod/dl
SHELL= flock /home/liyoufu/Code/HandsomeMod/tmp/.Xray-core-1.5.4.tar.gz.flock -c '  	/home/liyoufu/Code/HandsomeMod/scripts/download.pl "/home/liyoufu/Code/HandsomeMod/dl" "Xray-core-1.5.4.tar.gz" "af9b9b5b0a2d4f055d19f3580d1c2d3141bbaab9dd7824428c12ae0ced5f511e" "" "https://codeload.github.com/XTLS/Xray-core/tar.gz/v1.5.4?"    '
rm -f /home/liyoufu/Code/HandsomeMod/build_dir/target-aarch64_cortex-a53+neon_musl/Xray-core-1.5.4/.built
touch /home/liyoufu/Code/HandsomeMod/build_dir/target-aarch64_cortex-a53+neon_musl/Xray-core-1.5.4/.built_check
CONFIG_GOLANG_MOD_CACHE_WORLD_READABLE="" GO_BUILD_CACHE_DIR="/home/liyoufu/Code/HandsomeMod/tmp/go-build" GO_MOD_CACHE_DIR="/home/liyoufu/Code/HandsomeMod/dl/go-mod-cache" GO_MOD_ARGS="-modcacherw" GO_PKG="github.com/xtls/xray-core" GO_INSTALL_EXTRA="" GO_INSTALL_ALL="" GO_SOURCE_ONLY="" GO_BUILD_PKG="github.com/xtls/xray-core/main" GO_EXCLUDES="" GO_GO_GENERATE="" GO_INSTALL_BIN_PATH="/usr/bin" BUILD_DIR="/home/liyoufu/Code/HandsomeMod/build_dir/target-aarch64_cortex-a53+neon_musl/Xray-core-1.5.4" GO_BUILD_DIR="/home/liyoufu/Code/HandsomeMod/build_dir/target-aarch64_cortex-a53+neon_musl/Xray-core-1.5.4/.go_work/build" GO_BUILD_BIN_DIR="/home/liyoufu/Code/HandsomeMod/build_dir/target-aarch64_cortex-a53+neon_musl/Xray-core-1.5.4/.go_work/build/bin/linux_arm64" GO_BUILD_DEPENDS_PATH="/usr/share/gocode" GO_BUILD_DEPENDS_SRC="/home/liyoufu/Code/HandsomeMod/staging_dir/target-aarch64_cortex-a53+neon_musl/usr/share/gocode/src" GOOS="linux" GOARCH="arm64" GO386="" GOAMD64="" GOARM="" GOMIPS="" GOMIPS64="" GOPPC64="" CGO_ENABLED=1 CC="aarch64-openwrt-linux-musl-gcc" CXX="aarch64-openwrt-linux-musl-g++" CGO_CFLAGS="-Os -pipe -mcpu=cortex-a53 -fno-caller-saves -fno-plt -fhonour-copts -Wno-error=unused-but-set-variable -Wno-error=unused-result -fmacro-prefix-map=/home/liyoufu/Code/HandsomeMod/build_dir/target-aarch64_cortex-a53+neon_musl/Xray-core-1.5.4=Xray-core-1.5.4 -Wformat -Werror=format-security -fstack-protector -D_FORTIFY_SOURCE=1 -Wl,-z,now -Wl,-z,relro" CGO_CPPFLAGS="-I/home/liyoufu/Code/HandsomeMod/staging_dir/toolchain-aarch64_cortex-a53+neon_gcc-8.4.0_musl/usr/include -I/home/liyoufu/Code/HandsomeMod/staging_dir/toolchain-aarch64_cortex-a53+neon_gcc-8.4.0_musl/include/fortify -I/home/liyoufu/Code/HandsomeMod/staging_dir/toolchain-aarch64_cortex-a53+neon_gcc-8.4.0_musl/include" CGO_CXXFLAGS="-Os -pipe -mcpu=cortex-a53 -fno-caller-saves -fno-plt -fhonour-copts -Wno-error=unused-but-set-variable -Wno-error=unused-result -fmacro-prefix-map=/home/liyoufu/Code/HandsomeMod/build_dir/target-aarch64_cortex-a53+neon_musl/Xray-core-1.5.4=Xray-core-1.5.4 -Wformat -Werror=format-security -fstack-protector -D_FORTIFY_SOURCE=1 -Wl,-z,now -Wl,-z,relro" CGO_LDFLAGS="-L/home/liyoufu/Code/HandsomeMod/staging_dir/toolchain-aarch64_cortex-a53+neon_gcc-8.4.0_musl/usr/lib -L/home/liyoufu/Code/HandsomeMod/staging_dir/toolchain-aarch64_cortex-a53+neon_gcc-8.4.0_musl/lib -znow -zrelro" GOPATH="/home/liyoufu/Code/HandsomeMod/build_dir/target-aarch64_cortex-a53+neon_musl/Xray-core-1.5.4/.go_work/build" GOCACHE="/home/liyoufu/Code/HandsomeMod/tmp/go-build" GOMODCACHE="/home/liyoufu/Code/HandsomeMod/dl/go-mod-cache" GOENV=off GOTOOLCHAIN=local /usr/bin/env bash /home/liyoufu/Code/HandsomeMod/feeds/packages/lang/golang//golang-build.sh build -v -buildvcs=false -trimpath -ldflags "all=-buildid '1664599745' -linkmode external -extldflags '-L/home/liyoufu/Code/HandsomeMod/staging_dir/toolchain-aarch64_cortex-a53+neon_gcc-8.4.0_musl/usr/lib -L/home/liyoufu/Code/HandsomeMod/staging_dir/toolchain-aarch64_cortex-a53+neon_gcc-8.4.0_musl/lib -Wl,-z,now -Wl,-z,relro'"        -ldflags " -X github.com/xtls/xray-core/core.build=OpenWrt -X github.com/xtls/xray-core/core.version=1.5.4 -buildid '1664599745' -linkmode external -extldflags '-L/home/liyoufu/Code/HandsomeMod/staging_dir/toolchain-aarch64_cortex-a53+neon_gcc-8.4.0_musl/usr/lib -L/home/liyoufu/Code/HandsomeMod/staging_dir/toolchain-aarch64_cortex-a53+neon_gcc-8.4.0_musl/lib -Wl,-z,now -Wl,-z,relro'"  
Finding targets
go: downloading github.com/golang/protobuf v1.5.2
go: downloading google.golang.org/protobuf v1.27.1
go: downloading github.com/pires/go-proxyproto v0.6.2
go: downloading golang.org/x/sys v0.0.0-20220310020820-b874c991c1a5
go: downloading google.golang.org/grpc v1.45.0
go: downloading github.com/lucas-clemente/quic-go v0.25.0
go: downloading golang.org/x/net v0.0.0-20220225172249-27dd8689420f
go: downloading go.starlark.net v0.0.0-20220302181546-5411bad688d1
go: downloading golang.org/x/crypto v0.0.0-20220312131142-6068a2e6cfdc
go: downloading github.com/xtls/go v0.0.0-20210920065950-d4af136d3672
go: downloading github.com/refraction-networking/utls v1.0.0
make[2]: *** [Makefile:90: /home/liyoufu/Code/HandsomeMod/build_dir/target-aarch64_cortex-a53+neon_musl/Xray-core-1.5.4/.built] Interrupt
time: package/mypackage/wall/xray-core/compile#0.14#0.01#31.62
make: *** [/home/liyoufu/Code/HandsomeMod/include/toplevel.mk:230: package/mypackage/wall/xray-core/compile] Interrupt
